{"sessionId":"3f4907","hypothesisId":"H3","location":"ExcelParser.Parse","message":"dto_type_assembly","data":{"fullName":"ASB.ExcelImport.Editor.ExcelSheetParseResult","assembly":"ASB.ExcelImport.Editor"},"timestamp":1780363111956}
{"sessionId":"3f4907","hypothesisId":"H1","location":"ExcelEditorWindow.BakeData","message":"step1_start","data":{"path":"C:/HeroInfluencetmp/Assets/_ProtoType_Merge/ASB/Data/Excel/H.I 전투 데이터 테이블 V5.0.xlsx"},"timestamp":1780363121253}
{"sessionId":"3f4907","hypothesisId":"H3","location":"ExcelParser.Parse","message":"dto_type_assembly","data":{"fullName":"ASB.ExcelImport.Editor.ExcelSheetParseResult","assembly":"ASB.ExcelImport.Editor"},"timestamp":1780363121255}
{"sessionId":"3f4907","hypothesisId":"H1","location":"ExcelEditorWindow.BakeData","message":"step1_done","data":{"sheetCount":0},"timestamp":1780363121405}
{"sessionId":"3f4907","hypothesisId":"H2","location":"ExcelEditorWindow.OnScriptsReloaded","message":"step2_start","data":{"path":"C:/HeroInfluencetmp/Assets/_ProtoType_Merge/ASB/Data/Excel/H.I 전투 데이터 테이블 V5.0.xlsx"},"timestamp":1780366837787}
{"sessionId":"3f4907","hypothesisId":"H3","location":"ExcelParser.Parse","message":"dto_type_assembly","data":{"fullName":"ASB.ExcelImport.Editor.ExcelSheetParseResult","assembly":"ASB.ExcelImport.Editor"},"timestamp":1780366837792}
{"sessionId":"3f4907","hypothesisId":"H3","location":"ExcelParser.Parse","message":"dto_type_assembly","data":{"fullName":"ASB.ExcelImport.Editor.ExcelSheetParseResult","assembly":"ASB.ExcelImport.Editor"},"timestamp":1780537072539}
{"sessionId":"3f4907","hypothesisId":"H1","location":"ExcelEditorWindow.BakeData","message":"step1_start","data":{"path":"C:/HeroInfluencetmp/Assets/_ProtoType_Merge/ASB/Data/Excel/testExel.xlsx"},"timestamp":1780537081165}
{"sessionId":"3f4907","hypothesisId":"H3","location":"ExcelParser.Parse","message":"dto_type_assembly","data":{"fullName":"ASB.ExcelImport.Editor.ExcelSheetParseResult","assembly":"ASB.ExcelImport.Editor"},"timestamp":1780537081166}
{"sessionId":"3f4907","hypothesisId":"H1","location":"ExcelEditorWindow.BakeData","message":"step1_done","data":{"sheetCount":1},"timestamp":1780537081351}
{"sessionId":"3f4907","hypothesisId":"H2","location":"ExcelEditorWindow.OnScriptsReloaded","message":"step2_start","data":{"path":"C:/HeroInfluencetmp/Assets/_ProtoType_Merge/ASB/Data/Excel/testExel.xlsx"},"timestamp":1780537085121}
{"sessionId":"3f4907","hypothesisId":"H3","location":"ExcelParser.Parse","message":"dto_type_assembly","data":{"fullName":"ASB.ExcelImport.Editor.ExcelSheetParseResult","assembly":"ASB.ExcelImport.Editor"},"timestamp":1780537085127}
{"sessionId":"3f4907","hypothesisId":"H3","location":"ExcelParser.Parse","message":"dto_type_assembly","data":{"fullName":"ASB.ExcelImport.Editor.ExcelSheetParseResult","assembly":"ASB.ExcelImport.Editor"},"timestamp":1780537472528}
{"sessionId":"3f4907","hypothesisId":"H3","location":"ExcelParser.Parse","message":"dto_type_assembly","data":{"fullName":"ASB.ExcelImport.Editor.ExcelSheetParseResult","assembly":"ASB.ExcelImport.Editor"},"timestamp":1780537605185}
{"sessionId":"3f4907","hypothesisId":"H1","location":"ExcelEditorWindow.BakeData","message":"step1_start","data":{"path":"C:/HeroInfluencetmp/Assets/_ProtoType_Merge/ASB/Data/Excel/testExel.xlsx"},"timestamp":1780537606175}
{"sessionId":"3f4907","hypothesisId":"H3","location":"ExcelParser.Parse","message":"dto_type_assembly","data":{"fullName":"ASB.ExcelImport.Editor.ExcelSheetParseResult","assembly":"ASB.ExcelImport.Editor"},"timestamp":1780537606176}
{"sessionId":"3f4907","hypothesisId":"H1","location":"ExcelEditorWindow.BakeData","message":"step1_done","data":{"sheetCount":1},"timestamp":1780537606346}
{"sessionId":"3f4907","hypothesisId":"H2","location":"ExcelEditorWindow.OnScriptsReloaded","message":"step2_start","data":{"path":"C:/HeroInfluencetmp/Assets/_ProtoType_Merge/ASB/Data/Excel/testExel.xlsx"},"timestamp":1780537610105}
{"sessionId":"3f4907","hypothesisId":"H3","location":"ExcelParser.Parse","message":"dto_type_assembly","data":{"fullName":"ASB.ExcelImport.Editor.ExcelSheetParseResult","assembly":"ASB.ExcelImport.Editor"},"timestamp":1780537610111}
{"sessionId":"3f4907","hypothesisId":"H3","location":"ExcelParser.Parse","message":"dto_type_assembly","data":{"fullName":"ASB.ExcelImport.Editor.ExcelSheetParseResult","assembly":"ASB.ExcelImport.Editor"},"timestamp":1780547719206}
{"sessionId":"3f4907","hypothesisId":"H3","location":"ExcelParser.Parse","message":"dto_type_assembly","data":{"fullName":"ASB.ExcelImport.Editor.ExcelSheetParseResult","assembly":"ASB.ExcelImport.Editor"},"timestamp":1780549838434}
{"sessionId":"3f4907","hypothesisId":"H3","location":"ExcelParser.Parse","message":"dto_type_assembly","data":{"fullName":"ASB.ExcelImport.Editor.ExcelSheetParseResult","assembly":"ASB.ExcelImport.Editor"},"timestamp":1780552054453}
{"sessionId":"3f4907","hypothesisId":"H1","location":"ExcelEditorWindow.BakeData","message":"step1_start","data":{"path":"C:/HeroInfluencetmp/Assets/_ProtoType_Merge/ASB/Data/Excel/H.I 전투 데이터 테이블 V5.0.xlsx"},"timestamp":1780552060746}
{"sessionId":"3f4907","hypothesisId":"H3","location":"ExcelParser.Parse","message":"dto_type_assembly","data":{"fullName":"ASB.ExcelImport.Editor.ExcelSheetParseResult","assembly":"ASB.ExcelImport.Editor"},"timestamp":1780552060746}
{"sessionId":"3f4907","hypothesisId":"H1","location":"ExcelEditorWindow.BakeData","message":"step1_done","data":{"sheetCount":1},"timestamp":1780552061010}
{"sessionId":"3f4907","hypothesisId":"H2","location":"ExcelEditorWindow.OnScriptsReloaded","message":"step2_start","data":{"path":"C:/HeroInfluencetmp/Assets/_ProtoType_Merge/ASB/Data/Excel/H.I 전투 데이터 테이블 V5.0.xlsx"},"timestamp":1780552064858}
{"sessionId":"3f4907","hypothesisId":"H3","location":"ExcelParser.Parse","message":"dto_type_assembly","data":{"fullName":"ASB.ExcelImport.Editor.ExcelSheetParseResult","assembly":"ASB.ExcelImport.Editor"},"timestamp":1780552064863}
{"sessionId":"3f4907","hypothesisId":"H3","location":"ExcelParser.Parse","message":"dto_type_assembly","data":{"fullName":"ASB.ExcelImport.Editor.ExcelSheetParseResult","assembly":"ASB.ExcelImport.Editor"},"timestamp":1780552101676}
{"sessionId":"3f4907","hypothesisId":"H1","location":"ExcelEditorWindow.BakeData","message":"step1_start","data":{"path":"C:/HeroInfluencetmp/Assets/_ProtoType_Merge/ASB/Data/Excel/H.I 전투 데이터 테이블 V5.0.xlsx"},"timestamp":1780552104070}
{"sessionId":"3f4907","hypothesisId":"H3","location":"ExcelParser.Parse","message":"dto_type_assembly","data":{"fullName":"ASB.ExcelImport.Editor.ExcelSheetParseResult","assembly":"ASB.ExcelImport.Editor"},"timestamp":1780552104070}
{"sessionId":"3f4907","hypothesisId":"H1","location":"ExcelEditorWindow.BakeData","message":"step1_done","data":{"sheetCount":1},"timestamp":1780552104380}
{"sessionId":"3f4907","hypothesisId":"H2","location":"ExcelEditorWindow.OnScriptsReloaded","message":"step2_start","data":{"path":"C:/HeroInfluencetmp/Assets/_ProtoType_Merge/ASB/Data/Excel/H.I 전투 데이터 테이블 V5.0.xlsx"},"timestamp":1780552107931}
{"sessionId":"3f4907","hypothesisId":"H3","location":"ExcelParser.Parse","message":"dto_type_assembly","data":{"fullName":"ASB.ExcelImport.Editor.ExcelSheetParseResult","assembly":"ASB.ExcelImport.Editor"},"timestamp":1780552107937}
{"sessionId":"3f4907","hypothesisId":"H3","location":"ExcelParser.Parse","message":"dto_type_assembly","data":{"fullName":"ASB.ExcelImport.Editor.ExcelSheetParseResult","assembly":"ASB.ExcelImport.Editor"},"timestamp":1780552553697}
{"sessionId":"3f4907","hypothesisId":"H1","location":"ExcelEditorWindow.BakeData","message":"step1_start","data":{"path":"C:/HeroInfluencetmp/Assets/_ProtoType_Merge/ASB/Data/Excel/testExel.xlsx"},"timestamp":1780552557377}
{"sessionId":"3f4907","hypothesisId":"H3","location":"ExcelParser.Parse","message":"dto_type_assembly","data":{"fullName":"ASB.ExcelImport.Editor.ExcelSheetParseResult","assembly":"ASB.ExcelImport.Editor"},"timestamp":1780552557378}
{"sessionId":"3f4907","hypothesisId":"H1","location":"ExcelEditorWindow.BakeData","message":"step1_done","data":{"sheetCount":1},"timestamp":1780552557538}
{"sessionId":"3f4907","hypothesisId":"H2","location":"ExcelEditorWindow.OnScriptsReloaded","message":"step2_start","data":{"path":"C:/HeroInfluencetmp/Assets/_ProtoType_Merge/ASB/Data/Excel/testExel.xlsx"},"timestamp":1780552561158}
{"sessionId":"3f4907","hypothesisId":"H3","location":"ExcelParser.Parse","message":"dto_type_assembly","data":{"fullName":"ASB.ExcelImport.Editor.ExcelSheetParseResult","assembly":"ASB.ExcelImport.Editor"},"timestamp":1780552561163}
{"sessionId":"3f4907","hypothesisId":"H3","location":"ExcelParser.Parse","message":"dto_type_assembly","data":{"fullName":"ASB.ExcelImport.Editor.ExcelSheetParseResult","assembly":"ASB.ExcelImport.Editor"},"timestamp":1780556568986}
{"sessionId":"3f4907","hypothesisId":"H1","location":"ExcelEditorWindow.BakeData","message":"step1_start","data":{"path":"C:/HeroInfluencetmp/Assets/_ProtoType_Merge/ASB/Data/Excel/H.I 전투 데이터 테이블 V5.0.xlsx"},"timestamp":1780556590724}
{"sessionId":"3f4907","hypothesisId":"H3","location":"ExcelParser.Parse","message":"dto_type_assembly","data":{"fullName":"ASB.ExcelImport.Editor.ExcelSheetParseResult","assembly":"ASB.ExcelImport.Editor"},"timestamp":1780556590726}
{"sessionId":"3f4907","hypothesisId":"H1","location":"ExcelEditorWindow.BakeData","message":"step1_done","data":{"sheetCount":1},"timestamp":1780556591328}
{"sessionId":"3f4907","hypothesisId":"H2","location":"ExcelEditorWindow.OnScriptsReloaded","message":"step2_start","data":{"path":"C:/HeroInfluencetmp/Assets/_ProtoType_Merge/ASB/Data/Excel/H.I 전투 데이터 테이블 V5.0.xlsx"},"timestamp":1780556610488}
{"sessionId":"3f4907","hypothesisId":"H3","location":"ExcelParser.Parse","message":"dto_type_assembly","data":{"fullName":"ASB.ExcelImport.Editor.ExcelSheetParseResult","assembly":"ASB.ExcelImport.Editor"},"timestamp":1780556610494}
